====== ALL TESTS DONE ======
